[onthegomoving.org/index.html]
[backblue.gif]
[fade.gif]
[index.html]
[onthegomoving.org/manifest.webmanifest]
[img1.wsimg.com/isteam/ip/a854814c-784a-46b4-b962-9eb213567cfb/On The Go Moving_d00a_00a (1).jpg]
[onthegomoving.org/sw.js]
[onthegomoving.org/moving.html]
[onthegomoving.org/labor.html]
[onthegomoving.org/why-us.html]
[onthegomoving.org/reviews.html]
[onthegomoving.org/book-now.html]
[onthegomoving.org/privacy-policy.html]
[onthegomoving.org/m/logina8b9.html]
[onthegomoving.org/m/create-account.html]
[onthegomoving.org/residential-moving.html]
[onthegomoving.org/commerical-moving.html]
[onthegomoving.org/m/loginbd42.html]
[onthegomoving.org/labor-only.html]
[img1.wsimg.com/poly/v3/polyfill.min75c4.js]
[onthegomoving.org/index.html]
[img1.wsimg.com/blobby/go/a854814c-784a-46b4-b962-9eb213567cfb/gpub/3313b020f40d1041/script.js]
[img1.wsimg.com/blobby/go/a854814c-784a-46b4-b962-9eb213567cfb/gpub/9d4aea32271d8013/script.js]
[onthegomoving.org/long-distance-moving.html]
[onthegomoving.org/moving.html]
[img1.wsimg.com/blobby/go/a854814c-784a-46b4-b962-9eb213567cfb/gpub/587ac1fe76372a5b/script.js]
[img1.wsimg.com/blobby/go/a854814c-784a-46b4-b962-9eb213567cfb/gpub/ddac6f7358c888e2/script.js]
[onthegomoving.org/furniture-moving.html]
[onthegomoving.org/loading-and-unloading.html]
[onthegomoving.org/labor.html]
[img1.wsimg.com/blobby/go/a854814c-784a-46b4-b962-9eb213567cfb/gpub/45da056b4e40f02f/script.js]
[img1.wsimg.com/blobby/go/a854814c-784a-46b4-b962-9eb213567cfb/gpub/5a6db7dac52f12ea/script.js]
[onthegomoving.org/why-us.html]
[img1.wsimg.com/blobby/go/a854814c-784a-46b4-b962-9eb213567cfb/gpub/145b6e072cedf38e/script.js]
[onthegomoving.org/reviews.html]
[img1.wsimg.com/blobby/go/a854814c-784a-46b4-b962-9eb213567cfb/gpub/adf421f1207cc65e/script.js]
[img1.wsimg.com/blobby/go/a854814c-784a-46b4-b962-9eb213567cfb/gpub/be2f9e2ca40d6943/script.js]
[img1.wsimg.com/blobby/go/a854814c-784a-46b4-b962-9eb213567cfb/gpub/acd53598c40fb0fe/script.js]
[onthegomoving.org/book-now.html]
[img1.wsimg.com/blobby/go/a854814c-784a-46b4-b962-9eb213567cfb/gpub/5ce6a087ac1e296a/script.js]
[img1.wsimg.com/blobby/go/a854814c-784a-46b4-b962-9eb213567cfb/gpub/2a945a1529fe35c9/script.js]
[img1.wsimg.com/ceph-p3-01/website-builder-data-prod/static/widgets/UX.4.30.4.js]
[img1.wsimg.com/blobby/go/a854814c-784a-46b4-b962-9eb213567cfb/gpub/187993ae499b2115/script.js]
[img1.wsimg.com/blobby/go/a854814c-784a-46b4-b962-9eb213567cfb/gpub/92734a1d60268d2f/script.js]
[onthegomoving.org/privacy-policy.html]
[onthegomoving.org/m/login.html]
[onthegomoving.org/m/logina8b9.html]
[img1.wsimg.com/blobby/go/a854814c-784a-46b4-b962-9eb213567cfb/gpub/68ec764fcb75208/script.js]
[img1.wsimg.com/blobby/go/a854814c-784a-46b4-b962-9eb213567cfb/gpub/87f13eb588e576f/script.js]
[onthegomoving.org/m/create-account.html]
[img1.wsimg.com/blobby/go/a854814c-784a-46b4-b962-9eb213567cfb/gpub/b25cdb31d504aef/script.js]
[onthegomoving.org/residential-moving.html]
[img1.wsimg.com/blobby/go/a854814c-784a-46b4-b962-9eb213567cfb/gpub/881e9be1305a6646/script.js]
[img1.wsimg.com/blobby/go/a854814c-784a-46b4-b962-9eb213567cfb/gpub/539441225f26f634/script.js]
[img1.wsimg.com/blobby/go/a854814c-784a-46b4-b962-9eb213567cfb/gpub/cc81b3e2d2fd0939/script.js]
[img1.wsimg.com/blobby/go/a854814c-784a-46b4-b962-9eb213567cfb/gpub/f2c7ab8f3f1db97e/script.js]
[onthegomoving.org/commerical-moving.html]
[onthegomoving.org/m/loginbd42.html]
[img1.wsimg.com/blobby/go/a854814c-784a-46b4-b962-9eb213567cfb/gpub/7181339a4449a463/script.js]
[onthegomoving.org/labor-only.html]
[img1.wsimg.com/traffic-assets/js/tccl.min.html]
[img1.wsimg.com/blobby/go/a854814c-784a-46b4-b962-9eb213567cfb/gpub/fefedcb83a0eeb7/script.js]
[onthegomoving.org/long-distance-moving.html]
[img1.wsimg.com/blobby/go/a854814c-784a-46b4-b962-9eb213567cfb/gpub/424b09229a37e799/script.js]
[onthegomoving.org/furniture-moving.html]
[img1.wsimg.com/blobby/go/a854814c-784a-46b4-b962-9eb213567cfb/gpub/be34fd026dded749/script.js]
[img1.wsimg.com/blobby/go/a854814c-784a-46b4-b962-9eb213567cfb/gpub/93d9b18a0a5ddf03/script.js]
[img1.wsimg.com/blobby/go/a854814c-784a-46b4-b962-9eb213567cfb/gpub/c17060ec3157d85/script.js]
[img1.wsimg.com/blobby/go/a854814c-784a-46b4-b962-9eb213567cfb/gpub/7b227ab9c2c6c526/script.js]
[onthegomoving.org/loading-and-unloading.html]
[onthegomoving.org/m/login.html]
[img1.wsimg.com/blobby/go/a854814c-784a-46b4-b962-9eb213567cfb/gpub/924ac4bf4ab264a9/script.js]
[img1.wsimg.com/blobby/go/a854814c-784a-46b4-b962-9eb213567cfb/gpub/8cd5a51fb888f1ca/script.js]
